Copyright 1986-2016 Xilinx, Inc. All Rights Reserved.
-----------------------------------------------------------------------------------------------
| Tool Version : Vivado v.2016.2 (lin64) Build 1577090 Thu Jun  2 16:32:35 MDT 2016
| Date         : Wed Dec  7 09:09:54 2016
| Host         : zoidberg running 64-bit Ubuntu 16.04.1 LTS
| Command      : report_control_sets -verbose -file Physical_Game_Test_control_sets_placed.rpt
| Design       : Physical_Game_Test
| Device       : xc7a35t
-----------------------------------------------------------------------------------------------

Control Set Information

Table of Contents
-----------------
1. Summary
2. Flip-Flop Distribution
3. Detailed Control Set Information

1. Summary
----------

+----------------------------------------------------------+-------+
|                          Status                          | Count |
+----------------------------------------------------------+-------+
| Number of unique control sets                            |    14 |
| Unused register locations in slices containing registers |    45 |
+----------------------------------------------------------+-------+


2. Flip-Flop Distribution
-------------------------

+--------------+-----------------------+------------------------+-----------------+--------------+
| Clock Enable | Synchronous Set/Reset | Asynchronous Set/Reset | Total Registers | Total Slices |
+--------------+-----------------------+------------------------+-----------------+--------------+
| No           | No                    | No                     |              35 |           15 |
| No           | No                    | Yes                    |              28 |            4 |
| No           | Yes                   | No                     |              18 |            6 |
| Yes          | No                    | No                     |              37 |           10 |
| Yes          | No                    | Yes                    |              38 |           10 |
| Yes          | Yes                   | No                     |              31 |            9 |
+--------------+-----------------------+------------------------+-----------------+--------------+


3. Detailed Control Set Information
-----------------------------------

+---------------------------------------+---------------------------------------+--------------------------------------------+------------------+----------------+
|              Clock Signal             |             Enable Signal             |              Set/Reset Signal              | Slice Load Count | Bel Load Count |
+---------------------------------------+---------------------------------------+--------------------------------------------+------------------+----------------+
|  clk_IBUF_BUFG                        | Display/current_input                 |                                            |                2 |              4 |
|  clk_IBUF_BUFG                        | Game/ConvertToBCD/count[3]_i_1_n_0    | Game/CountdownTimer/SS[0]                  |                1 |              4 |
|  clk_IBUF_BUFG                        | Display/sseg_an_wire                  | Display/FSM_onehot_sseg_an_wire[4]_i_1_n_0 |                2 |              5 |
|  clk_IBUF_BUFG                        | Btn/E[0]                              |                                            |                2 |              5 |
|  clk_IBUF_BUFG                        | Btn/count[6]_i_2_n_0                  | Btn/count[6]_i_1_n_0                       |                2 |              6 |
|  Game/TrapSystem/time_counter_reg[11] | Game/CountdownTimer/out_of_time1      | debounced_reset_BUFG                       |                4 |             12 |
|  clk_IBUF_BUFG                        | Game/CountdownTimer/E[0]              |                                            |                3 |             12 |
| ~debounced_reset_BUFG                 |                                       |                                            |                9 |             16 |
|  clk_IBUF_BUFG                        | Game/ConvertToBCD/ones_tmp[3]_i_2_n_0 | Game/CountdownTimer/SS[0]                  |                4 |             16 |
|  clk_IBUF_BUFG                        | Game/ConvertToBCD/ones[3]_i_1_n_0     |                                            |                3 |             16 |
|  clk_IBUF_BUFG                        |                                       | Display/count[17]_i_1_n_0                  |                6 |             18 |
|  clk_IBUF_BUFG                        |                                       |                                            |                6 |             19 |
|  clk_IBUF_BUFG                        | Game/PatternSystem/clk_out_top0       | debounced_reset_BUFG                       |                6 |             26 |
|  clk_IBUF_BUFG                        |                                       | debounced_reset_BUFG                       |                4 |             28 |
+---------------------------------------+---------------------------------------+--------------------------------------------+------------------+----------------+


