#-----------------------------------------------------------
# Vivado v2016.2 (64-bit)
# SW Build 1577090 on Thu Jun  2 16:32:40 MDT 2016
# IP Build 1577682 on Fri Jun  3 12:00:54 MDT 2016
# Start of session at: Sun Dec 04 21:03:43 2016
# Process ID: 4664
# Current directory: C:/Users/violi/Desktop/CPE 133 Project/CPE133-NoWinningAllowed/Seven_Seg_Display_Easy
# Command line: vivado.exe -gui_launcher_event rodinguilauncherevent6104 C:\Users\violi\Desktop\CPE 133 Project\CPE133-NoWinningAllowed\Seven_Seg_Display_Easy\Seven_Seg_Display.xpr
# Log file: C:/Users/violi/Desktop/CPE 133 Project/CPE133-NoWinningAllowed/Seven_Seg_Display_Easy/vivado.log
# Journal file: C:/Users/violi/Desktop/CPE 133 Project/CPE133-NoWinningAllowed/Seven_Seg_Display_Easy\vivado.jou
#-----------------------------------------------------------
start_gui
open_project {C:/Users/violi/Desktop/CPE 133 Project/CPE133-NoWinningAllowed/Seven_Seg_Display_Easy/Seven_Seg_Display.xpr}
update_compile_order -fileset sources_1
update_compile_order -fileset sim_1
